{
	"data": null,
	"success": true,
	"message": "Person deleted"
}