{
	"data": null,
	"success": true,
	"message": "Category deleted"
}