{
	"data": null,
	"success": true,
	"message": "Skill deleted"
}