{
	"success": true,
	"message": "",
	"data": [
		{
			"ID": 1,
			"active": true,
			"categories": [
				{
					"ID": 1,
					"active": true,
					"description": "A programming language is a formal language comprising a set of instructions that produce various kinds of output. Programming languages are used in computer programming to implement algorithms.",
					"name": "Programming Language",
					"short_key": "prog_lang",
					"skill_ids": null,
					"skills": null
				},
				{
					"ID": 2,
					"active": true,
					"description": "A database is an organized collection of structured information, or data, typically stored electronically in a computer system. A database is usually controlled by a database management system.",
					"name": "Databases",
					"short_key": "db",
					"skill_ids": null,
					"skills": null
				}
			],
			"category_ids": [
				1,
				2
			],
			"description": "Go is a compiled, statically typed programming language designed at Google by Robert Griesemer, Rob Pike, and Ken Thompson. Go is syntactically similar to C, but with memory safety, garbage collection, structural typing, and CSP-style concurrency.",
			"name": "Go",
			"short_key": "go"
		},
		{
			"ID": 2,
			"active": true,
			"categories": [
				{
					"ID": 2,
					"active": true,
					"description": "A database is an organized collection of structured information, or data, typically stored electronically in a computer system. A database is usually controlled by a database management system.",
					"name": "Databases",
					"short_key": "db",
					"skill_ids": null,
					"skills": null
				},
				{
					"ID": 3,
					"active": true,
					"description": "An operating system is system software that manages computer hardware, software resources, and provides common services for computer programs.",
					"name": "Operating Systems",
					"short_key": "os",
					"skill_ids": null,
					"skills": null
				}
			],
			"category_ids": [
				2,
				3
			],
			"description": "JavaScript, often abbreviated as JS, is a programming language that conforms to the ECMAScript specification. JavaScript is high-level, often just-in-time compiled, and multi-paradigm. It has curly-bracket syntax, dynamic typing, prototype-based object-orientation, and first-class functions.",
			"name": "JavaScript",
			"short_key": "js"
		},
		{
			"ID": 3,
			"active": true,
			"categories": [
				{
					"ID": 3,
					"active": true,
					"description": "An operating system is system software that manages computer hardware, software resources, and provides common services for computer programs.",
					"name": "Operating Systems",
					"short_key": "os",
					"skill_ids": null,
					"skills": null
				},
				{
					"ID": 4,
					"active": true,
					"description": "A cloud provider is a company that offers some component of cloud computing -- typically infrastructure as a service, software as a service or platform as a service -- to other businesses or individuals.",
					"name": "Cloud Providers",
					"short_key": "cp",
					"skill_ids": null,
					"skills": null
				}
			],
			"category_ids": [
				3,
				4
			],
			"description": "Python is an interpreted, high-level and general-purpose programming language. Python's design philosophy emphasizes code readability with its notable use of significant indentation.",
			"name": "Python",
			"short_key": "py"
		},
		{
			"ID": 4,
			"active": true,
			"categories": [
				{
					"ID": 2,
					"active": true,
					"description": "A database is an organized collection of structured information, or data, typically stored electronically in a computer system. A database is usually controlled by a database management system.",
					"name": "Databases",
					"short_key": "db",
					"skill_ids": null,
					"skills": null
				},
				{
					"ID": 4,
					"active": true,
					"description": "A cloud provider is a company that offers some component of cloud computing -- typically infrastructure as a service, software as a service or platform as a service -- to other businesses or individuals.",
					"name": "Cloud Providers",
					"short_key": "cp",
					"skill_ids": null,
					"skills": null
				}
			],
			"category_ids": [
				2,
				4
			],
			"description": "Java is a class-based, object-oriented programming language that is designed to have as few implementation dependencies as possible. It is a general-purpose programming language intended to let application developers write once, run anywhere, meaning that compiled Java code can run on all platforms that support Java without the need for recompilation.",
			"name": "Java",
			"short_key": "java"
		}
	]
}