{
	"data": {
		"active": true,
		"description": "Leadership is the ability to lead others.",
		"name": "Leadership",
		"short_key": "leadership",
		"skill_ids": [
			2,
			3
		],
		"skills": [
			{
				"active": true,
				"categories": null,
				"category_ids": null,
				"description": "JavaScript, often abbreviated as JS, is a programming language that conforms to the ECMAScript specification. JavaScript is high-level, often just-in-time compiled, and multi-paradigm. It has curly-bracket syntax, dynamic typing, prototype-based object-orientation, and first-class functions.",
				"name": "JavaScript",
				"short_key": "js"
			},
			{
				"active": true,
				"categories": null,
				"category_ids": null,
				"description": "Python is an interpreted, high-level and general-purpose programming language. Python's design philosophy emphasizes code readability with its notable use of significant indentation.",
				"name": "Python",
				"short_key": "py"
			}
		]
	},
	"success": true,
	"message": "Operation was successful"
}