{
	"data": {
		"active": true,
		"description": "Operations is the process of operating a business.",
		"name": "Updated Category Name",
		"short_key": "operations",
		"skill_ids": [
			3,
			4
		],
		"skills": [
			{
				"active": true,
				"categories": null,
				"category_ids": null,
				"description": "Python is an interpreted, high-level and general-purpose programming language. Python's design philosophy emphasizes code readability with its notable use of significant indentation.",
				"name": "Python",
				"short_key": "py"
			},
			{
				"active": true,
				"categories": null,
				"category_ids": null,
				"description": "Java is a class-based, object-oriented programming language that is designed to have as few implementation dependencies as possible. It is a general-purpose programming language intended to let application developers write once, run anywhere, meaning that compiled Java code can run on all platforms that support Java without the need for recompilation.",
				"name": "Java",
				"short_key": "java"
			},
			{
				"active": true,
				"categories": null,
				"category_ids": null,
				"description": "Python is an interpreted, high-level and general-purpose programming language. Python's design philosophy emphasizes code readability with its notable use of significant indentation.",
				"name": "Python",
				"short_key": "py"
			},
			{
				"active": true,
				"categories": null,
				"category_ids": null,
				"description": "Java is a class-based, object-oriented programming language that is designed to have as few implementation dependencies as possible. It is a general-purpose programming language intended to let application developers write once, run anywhere, meaning that compiled Java code can run on all platforms that support Java without the need for recompilation.",
				"name": "Java",
				"short_key": "java"
			}
		]
	},
	"success": true,
	"message": "Operation was successful"
}